Microchip MPLAB XC8 PIC(R) Assembler V2.30

Linker command line:

-W-3 --edf=C:\Program Files\Microchip\xc8\v2.30\pic\dat\en_msgs.txt -cf \
  -h+dist/default/production\Keypad_Lock.production.sym \
  --cmf=dist/default/production\Keypad_Lock.production.cmf -z -Q18F87K22 \
  -oC:\Users\pas3618\AppData\Local\Temp\s6hcx2 -ver=XC8 PIC(R) Assembler \
  -Moutput.map -E1 --acfsm=1493 -ACODE=00h-01FFFFh -ACONST=00h-01FFFFh \
  -ASMALLCONST=01000h-010FFhx496 \
  -AMEDIUMCONST=01000h-0FFFFh,011000h-01FFFFh -ACOMRAM=00h-05Fh \
  -AABS1=00h-0F15h -ABIGRAM=00h-0F15h \
  -ARAM=060h-0FFh,0100h-01FFhx14,0F00h-0F15h -ABANK0=060h-0FFh \
  -ABANK1=0100h-01FFh -ABANK2=0200h-02FFh -ABANK3=0300h-03FFh \
  -ABANK4=0400h-04FFh -ABANK5=0500h-05FFh -ABANK6=0600h-06FFh \
  -ABANK7=0700h-07FFh -ABANK8=0800h-08FFh -ABANK9=0900h-09FFh \
  -ABANK10=0A00h-0AFFh -ABANK11=0B00h-0BFFh -ABANK12=0C00h-0CFFh \
  -ABANK13=0D00h-0DFFh -ABANK14=0E00h-0EFFh -ABANK15=0F00h-0F15h \
  -ASFR=0F16h-0F5Fh,0F60h-0FFFh -AIDLOC=0200000h-0200007h \
  -AEEDATA=0F00000h-0F003FFh build/default/production/main.o \
  build/default/production/config.o build/default/production/LCD.o \
  build/default/production/_ext/488169191/Write_table.o \
  build/default/production/check_pin.o \
  build/default/production/_ext/1058467554/Write_menu.o \
  build/default/production/_ext/1058467554/Write_wrong.o \
  build/default/production/_ext/488169191/Keypad_numbers.o \
  build/default/production/Keypad_letters.o build/default/production/Door.o \
  build/default/production/Buzzer.o 

Object code version is 3.11

Machine type is 18F87K22



                Name                               Link     Load   Length Selector   Space Scale
build/default/production/main.o
                code                                  0        0       D2        0       0
                udata_acs                            29       29        1        0       1
                config                           300000   300000        E        0       4
build/default/production/config.o
                config                           300000   300000        E        0       4
build/default/production/LCD.o
                lcd_code                          1FA0C    1FA0C      11A    1FA0C       0
                udata_acs_ovr                        28       28        1        0       1
                udata_acs                            20       20        5        0       1
build/default/production/_ext/488169191/Write_table.o
                table_code                        1F8EC    1F8EC       2C    1F8EC       0
                data                              1F9A2    1F9A2       34     FCD1       0
                udata_bank4                         400      400       80      400       1
                udata_acs                            27       27        1        0       1
build/default/production/check_pin.o
                pin_code                          1FE1C    1FE1C      1E4    1FE1C       0
                udata_acs                             0        0       16        0       1
build/default/production/_ext/1058467554/Write_menu.o
                table_code                        1F918    1F918       2C    1F918       0
                data                              1F9D6    1F9D6       36     FCEB       0
                udata_bank5                         500      500       80      500       1
                udata_acs                            26       26        1        0       1
build/default/production/_ext/1058467554/Write_wrong.o
                table_code                        1F944    1F944       2C    1F944       0
                data                              1F970    1F970       32     FCB8       0
                udata_bank6                         600      600       80      600       1
                udata_acs                            25       25        1        0       1
build/default/production/_ext/488169191/Keypad_numbers.o
                keypad_number_code                1FB26    1FB26      17A    1FB26       0
                udata_acs                            16       16        A        0       1
build/default/production/Keypad_letters.o
                keypad_letter_code                1FCA0    1FCA0      17C    1FCA0       0
build/default/production/Door.o
                door_code                         1F8BC    1F8BC       18    1F8BC       0
build/default/production/Buzzer.o
                buzzer_code                       1F8D4    1F8D4       18    1F8D4       0

TOTAL           Name                               Link     Load   Length     Space
        CLASS   CODE           
                code                                  0        0       D2         0
                lcd_code                          1FA0C    1FA0C      11A         0
                table_code                        1F8EC    1F8EC       2C         0
                pin_code                          1FE1C    1FE1C      1E4         0
                table_code                        1F918    1F918       2C         0
                table_code                        1F944    1F944       2C         0
                keypad_number_code                1FB26    1FB26      17A         0
                keypad_letter_code                1FCA0    1FCA0      17C         0
                door_code                         1F8BC    1F8BC       18         0
                buzzer_code                       1F8D4    1F8D4       18         0

        CLASS   CONST          
                data                              1F9A2    1F9A2       34         0
                data                              1F9D6    1F9D6       36         0
                data                              1F970    1F970       32         0

        CLASS   SMALLCONST     

        CLASS   MEDIUMCONST    

        CLASS   COMRAM         
                udata_acs                            29       29        1         1
                udata_acs_ovr                        28       28        1         1
                udata_acs                            20       20        5         1
                udata_acs                            27       27        1         1
                udata_acs                             0        0       16         1
                udata_acs                            26       26        1         1
                udata_acs                            25       25        1         1
                udata_acs                            16       16        A         1

        CLASS   ABS1           

        CLASS   BIGRAM         

        CLASS   RAM            

        CLASS   BANK0          

        CLASS   BANK1          

        CLASS   BANK2          

        CLASS   BANK3          

        CLASS   BANK4          
                udata_bank4                         400      400       80         1

        CLASS   BANK5          
                udata_bank5                         500      500       80         1

        CLASS   BANK6          
                udata_bank6                         600      600       80         1

        CLASS   BANK7          

        CLASS   BANK8          

        CLASS   BANK9          

        CLASS   BANK10         

        CLASS   BANK11         

        CLASS   BANK12         

        CLASS   BANK13         

        CLASS   BANK14         

        CLASS   BANK15         

        CLASS   SFR            

        CLASS   IDLOC          

        CLASS   EEDATA         

        CLASS   CONFIG         
                config                           300000   300000        E         4



SEGMENTS        Name                           Load    Length   Top    Selector   Space  Class

                udata_acs                      000000  00002A  00002A         0       1  COMRAM  
                udata_bank4                    000400  000080  000480       400       1  BANK4   
                udata_bank5                    000500  000080  000580       500       1  BANK5   
                udata_bank6                    000600  000080  000680       600       1  BANK6   
                door_code                      01F8BC  000018  01F8D4     1F8BC       0  CODE    
                buzzer_code                    01F8D4  000018  01F8EC     1F8D4       0  CODE    
                table_code%350                 01F8EC  00002C  01F918     1F8EC       0  CODE    
                table_code%349                 01F918  00002C  01F944     1F918       0  CODE    
                table_code                     01F944  00002C  01F970     1F944       0  CODE    
                data%347                       01F970  000032  01F9A2      FCB8       0  CONST   
                data%346                       01F9A2  000034  01F9D6      FCD1       0  CONST   
                data                           01F9D6  000036  01FA0C      FCEB       0  CONST   
                lcd_code                       01FA0C  00011A  01FB26     1FA0C       0  CODE    
                keypad_number_code             01FB26  00017A  01FCA0     1FB26       0  CODE    
                keypad_letter_code             01FCA0  00017C  01FE1C     1FCA0       0  CODE    
                pin_code                       01FE1C  0001E4  020000     1FE1C       0  CODE    


UNUSED ADDRESS RANGES

        Name                Unused          Largest block    Delta
        BANK0            000060-0000FF               A0
        BANK1            000100-0001FF              100
        BANK10           000A00-000AFF              100
        BANK11           000B00-000BFF              100
        BANK12           000C00-000CFF              100
        BANK13           000D00-000DFF              100
        BANK14           000E00-000EFF              100
        BANK15           000F00-000F15               16
        BANK2            000200-0002FF              100
        BANK3            000300-0003FF              100
        BANK4            000480-0004FF               80
        BANK5            000580-0005FF               80
        BANK6            000680-0006FF               80
        BANK7            000700-0007FF              100
        BANK8            000800-0008FF              100
        BANK9            000900-0009FF              100
        BIGRAM           0000D2-000F15              E44
        CODE             0000D2-01F8BB            1F7EA
        COMRAM           00002A-00005F               36
        CONST            0000D2-01F8BB            1F7EA
        EEDATA           F00000-F003FF              400
        IDLOC            200000-200007                8
        MEDIUMCONST      001000-00FFFF             F000
                         011000-01F8BB             E8BC
        RAM              000060-0003FF              100
                         000480-0004FF               80
                         000580-0005FF               80
                         000680-000F15              100
        SFR              000F16-000FFF               4A
        SMALLCONST       001000-01F8BB              100

                                  Symbol Table

LCD_Clear                lcd_code           01FA62
LCD_Setup                lcd_code           01FA0C
LCD_Write_Hex            lcd_code           01FA70
LCD_Write_Message        lcd_code           01FA8A
LCD_delay_ms             lcd_code           01FAFA
LCD_delay_x4us           lcd_code           01FB08
__Hbuzzer_code           buzzer_code        000000
__Hcode                  code               000000
__Hconfig                config             30000E
__Hdata                  data               000000
__Hdoor_code             door_code          000000
__Hedata                 edata              000000
__Hkeypad_letter_code    keypad_letter_code 000000
__Hkeypad_number_code    keypad_number_code 000000
__Hlcd_code              lcd_code           000000
__Hpin_code              pin_code           000000
__Hspace_0               (abs)              020000
__Hspace_1               (abs)              000680
__Hspace_3               (abs)              000000
__Hspace_4               (abs)              60000E
__Htable_code            table_code         000000
__Hudata                 udata              000000
__Hudata_acs             udata_acs          000000
__Hudata_acs_ovr         udata_acs_ovr      000029
__Hudata_bank0           udata_bank0        000000
__Hudata_bank1           udata_bank1        000000
__Hudata_bank10          udata_bank10       000000
__Hudata_bank11          udata_bank11       000000
__Hudata_bank12          udata_bank12       000000
__Hudata_bank13          udata_bank13       000000
__Hudata_bank14          udata_bank14       000000
__Hudata_bank15          udata_bank15       000000
__Hudata_bank2           udata_bank2        000000
__Hudata_bank3           udata_bank3        000000
__Hudata_bank4           udata_bank4        000000
__Hudata_bank5           udata_bank5        000000
__Hudata_bank6           udata_bank6        000000
__Hudata_bank7           udata_bank7        000000
__Hudata_bank8           udata_bank8        000000
__Hudata_bank9           udata_bank9        000000
__Lbuzzer_code           buzzer_code        000000
__Lcode                  code               000000
__Lconfig                config             000000
__Ldata                  data               000000
__Ldoor_code             door_code          000000
__Ledata                 edata              000000
__Lkeypad_letter_code    keypad_letter_code 000000
__Lkeypad_number_code    keypad_number_code 000000
__Llcd_code              lcd_code           000000
__Lpin_code              pin_code           000000
__Lspace_0               (abs)              000000
__Lspace_1               (abs)              000000
__Lspace_3               (abs)              000000
__Lspace_4               (abs)              000000
__Ltable_code            table_code         000000
__Ludata                 udata              000000
__Ludata_acs             udata_acs          000000
__Ludata_acs_ovr         udata_acs_ovr      000028
__Ludata_bank0           udata_bank0        000000
__Ludata_bank1           udata_bank1        000000
__Ludata_bank10          udata_bank10       000000
__Ludata_bank11          udata_bank11       000000
__Ludata_bank12          udata_bank12       000000
__Ludata_bank13          udata_bank13       000000
__Ludata_bank14          udata_bank14       000000
__Ludata_bank15          udata_bank15       000000
__Ludata_bank2           udata_bank2        000000
__Ludata_bank3           udata_bank3        000000
__Ludata_bank4           udata_bank4        000000
__Ludata_bank5           udata_bank5        000000
__Ludata_bank6           udata_bank6        000000
__Ludata_bank7           udata_bank7        000000
__Ludata_bank8           udata_bank8        000000
__Ludata_bank9           udata_bank9        000000
__S0                     (abs)              020000
__S1                     (abs)              000680
__S3                     (abs)              000000
buzzer_off               buzzer_code        01F8E8
buzzer_on                buzzer_code        01F8D4
change_anon              pin_code           01FFD6
change_pin               pin_code           01FF94
check_anon               pin_code           01FE50
check_master             pin_code           01FEBC
check_output             pin_code           01FE62
column                   udata_acs          00001D
column_split1            udata_acs          00001A
column_split2            udata_acs          00001B
column_split3            udata_acs          00001C
door_close               door_code          01F8C8
door_open                door_code          01F8BC
keypad_setup             keypad_number_code 01FB26
lock                     pin_code           01FF84
no_input                 udata_acs          000016
output                   udata_acs          00001F
output1                  udata_acs          000008
output2                  udata_acs          000009
output3                  udata_acs          00000A
output4                  udata_acs          00000B
output_counter           udata_acs          000011
pin_check_setup          pin_code           01FE24
row                      udata_acs          00001E
row_split1               udata_acs          000017
row_split2               udata_acs          000018
row_split3               udata_acs          000019
wait_letter_input        keypad_letter_code 01FCA0
wait_number_input        keypad_number_code 01FB48
write_menu               table_code         01F918
write_welcome_enter_code table_code         01F8EC
write_wrong              table_code         01F944
wrong_pin_setup          pin_code           01FE1C
